00:00 +0: loading /Users/ajay/productivity_tracker/test/features/dashboard/operator_dashboard_test.dart
00:00 +0: /Users/ajay/productivity_tracker/test/features/production_entry/production_entry_controller_test.dart: ProductionEntryController calculations calculateRunningHours should correctly compute the difference within the same day
00:00 +1: /Users/ajay/productivity_tracker/test/features/dashboard/operator_dashboard_test.dart: OperatorDashboardScreen displays recent entries and navigation
00:00 +2: /Users/ajay/productivity_tracker/test/features/dashboard/operator_dashboard_test.dart: OperatorDashboardScreen displays recent entries and navigation
00:00 +3: /Users/ajay/productivity_tracker/test/features/dashboard/operator_dashboard_test.dart: OperatorDashboardScreen displays recent entries and navigation
00:00 +4: /Users/ajay/productivity_tracker/test/features/dashboard/operator_dashboard_test.dart: OperatorDashboardScreen displays recent entries and navigation
00:00 +5: /Users/ajay/productivity_tracker/test/features/dashboard/operator_dashboard_test.dart: OperatorDashboardScreen displays recent entries and navigation
══╡ EXCEPTION CAUGHT BY FLUTTER TEST FRAMEWORK ╞════════════════════════════════════════════════════
The following TestFailure was thrown running a test:
Expected: exactly one matching candidate
  Actual: _TextWidgetFinder:<Found 0 widgets with text "Your Recent Entries": []>
   Which: means none were found but one was expected

When the exception was thrown, this was the stack:
#4      main.<anonymous closure> (file:///Users/ajay/productivity_tracker/test/features/dashboard/operator_dashboard_test.dart:18:5)
<asynchronous suspension>
#5      testWidgets.<anonymous closure>.<anonymous closure> (package:flutter_test/src/widget_tester.dart:192:15)
<asynchronous suspension>
#6      TestWidgetsFlutterBinding._runTestBody (package:flutter_test/src/binding.dart:1682:5)
<asynchronous suspension>
<asynchronous suspension>
(elided one frame from package:stack_trace)

This was caught by the test expectation on the following line:
  file:///Users/ajay/productivity_tracker/test/features/dashboard/operator_dashboard_test.dart line 18
The test description was:
  OperatorDashboardScreen displays recent entries and navigation
════════════════════════════════════════════════════════════════════════════════════════════════════
00:00 +5 -1: /Users/ajay/productivity_tracker/test/features/production_entry/production_entry_screen_test.dart: ProductionEntryScreen displays validation errors and dialog logic
00:00 +5 -1: /Users/ajay/productivity_tracker/test/features/dashboard/operator_dashboard_test.dart: OperatorDashboardScreen displays recent entries and navigation [E]
  Test failed. See exception logs above.
  The test description was: OperatorDashboardScreen displays recent entries and navigation
  
00:00 +5 -1: /Users/ajay/productivity_tracker/test/features/production_entry/production_entry_screen_test.dart: ProductionEntryScreen displays validation errors and dialog logic
══╡ EXCEPTION CAUGHT BY FLUTTER TEST FRAMEWORK ╞════════════════════════════════════════════════════
The following TestFailure was thrown running a test:
Expected: exactly one matching candidate
  Actual: _TextWidgetFinder:<Found 0 widgets with text "Actual Quantity *": []>
   Which: means none were found but one was expected

When the exception was thrown, this was the stack:
#4      main.<anonymous closure> (file:///Users/ajay/productivity_tracker/test/features/production_entry/production_entry_screen_test.dart:30:5)
<asynchronous suspension>
#5      testWidgets.<anonymous closure>.<anonymous closure> (package:flutter_test/src/widget_tester.dart:192:15)
<asynchronous suspension>
#6      TestWidgetsFlutterBinding._runTestBody (package:flutter_test/src/binding.dart:1682:5)
<asynchronous suspension>
<asynchronous suspension>
(elided one frame from package:stack_trace)

This was caught by the test expectation on the following line:
  file:///Users/ajay/productivity_tracker/test/features/production_entry/production_entry_screen_test.dart line 30
The test description was:
  ProductionEntryScreen displays validation errors and dialog logic
════════════════════════════════════════════════════════════════════════════════════════════════════
00:00 +5 -2: /Users/ajay/productivity_tracker/test/features/reports/reports_list_screen_test.dart: ReportsListScreen displays correct report options
00:00 +5 -2: /Users/ajay/productivity_tracker/test/features/production_entry/production_entry_screen_test.dart: ProductionEntryScreen displays validation errors and dialog logic [E]
  Test failed. See exception logs above.
  The test description was: ProductionEntryScreen displays validation errors and dialog logic
  
00:00 +5 -2: /Users/ajay/productivity_tracker/test/features/reports/reports_list_screen_test.dart: ReportsListScreen displays correct report options
══╡ EXCEPTION CAUGHT BY WIDGETS LIBRARY ╞═══════════════════════════════════════════════════════════
The following assertion was thrown building Builder:
ref.listen can only be used within the build method of a ConsumerWidget
'package:flutter_riverpod/src/core/consumer.dart':
Failed assertion: line 518 pos 7: 'debugDoingBuild'

The relevant error-causing widget was:
  MaterialApp
  MaterialApp:file:///Users/ajay/productivity_tracker/test/features/reports/reports_list_screen_test.dart:8:13

When the exception was thrown, this was the stack:
#2      ConsumerStatefulElement.listen (package:flutter_riverpod/src/core/consumer.dart:518:7)
#3      new _ReportDataSource (package:productivity_tracker/features/reports/reports_list_screen.dart:146:9)
#4      _ReportDetailScreenState.initState (package:productivity_tracker/features/reports/reports_list_screen.dart:60:19)
#5      StatefulElement._firstBuild (package:flutter/src/widgets/framework.dart:5950:55)
#6      ComponentElement.mount (package:flutter/src/widgets/framework.dart:5793:5)
...     Normal element mounting (260 frames)
#266    Element.inflateWidget (package:flutter/src/widgets/framework.dart:4587:20)
#267    MultiChildRenderObjectElement.inflateWidget (package:flutter/src/widgets/framework.dart:7264:36)
#268    Element.updateChild (package:flutter/src/widgets/framework.dart:4059:18)
#269    Element.updateChildren (package:flutter/src/widgets/framework.dart:4255:32)
#270    MultiChildRenderObjectElement.update (package:flutter/src/widgets/framework.dart:7295:17)
#271    Element.updateChild (package:flutter/src/widgets/framework.dart:4037:15)
#272    ComponentElement.performRebuild (package:flutter/src/widgets/framework.dart:5841:16)
#273    StatefulElement.performRebuild (package:flutter/src/widgets/framework.dart:5982:11)
#274    Element.rebuild (package:flutter/src/widgets/framework.dart:5529:7)
#275    StatefulElement.update (package:flutter/src/widgets/framework.dart:6007:5)
#276    Element.updateChild (package:flutter/src/widgets/framework.dart:4037:15)
#277    ComponentElement.performRebuild (package:flutter/src/widgets/framework.dart:5841:16)
#278    Element.rebuild (package:flutter/src/widgets/framework.dart:5529:7)
#279    ProxyElement.update (package:flutter/src/widgets/framework.dart:6149:5)
#280    Element.updateChild (package:flutter/src/widgets/framework.dart:4037:15)
#281    ComponentElement.performRebuild (package:flutter/src/widgets/framework.dart:5841:16)
#282    Element.rebuild (package:flutter/src/widgets/framework.dart:5529:7)
#283    ProxyElement.update (package:flutter/src/widgets/framework.dart:6149:5)
#284    _InheritedNotifierElement.update (package:flutter/src/widgets/inherited_notifier.dart:108:11)
#285    Element.updateChild (package:flutter/src/widgets/framework.dart:4037:15)
#286    ComponentElement.performRebuild (package:flutter/src/widgets/framework.dart:5841:16)
#287    StatefulElement.performRebuild (package:flutter/src/widgets/framework.dart:5982:11)
#288    Element.rebuild (package:flutter/src/widgets/framework.dart:5529:7)
#289    StatefulElement.update (package:flutter/src/widgets/framework.dart:6007:5)
#290    Element.updateChild (package:flutter/src/widgets/framework.dart:4037:15)
#291    ComponentElement.performRebuild (package:flutter/src/widgets/framework.dart:5841:16)
#292    Element.rebuild (package:flutter/src/widgets/framework.dart:5529:7)
#293    ProxyElement.update (package:flutter/src/widgets/framework.dart:6149:5)
#294    _InheritedNotifierElement.update (package:flutter/src/widgets/inherited_notifier.dart:108:11)
#295    Element.updateChild (package:flutter/src/widgets/framework.dart:4037:15)
#296    ComponentElement.performRebuild (package:flutter/src/widgets/framework.dart:5841:16)
#297    StatefulElement.performRebuild (package:flutter/src/widgets/framework.dart:5982:11)
#298    Element.rebuild (package:flutter/src/widgets/framework.dart:5529:7)
#299    StatefulElement.update (package:flutter/src/widgets/framework.dart:6007:5)
#300    Element.updateChild (package:flutter/src/widgets/framework.dart:4037:15)
#301    ComponentElement.performRebuild (package:flutter/src/widgets/framework.dart:5841:16)
#302    StatefulElement.performRebuild (package:flutter/src/widgets/framework.dart:5982:11)
#303    Element.rebuild (package:flutter/src/widgets/framework.dart:5529:7)
#304    StatefulElement.update (package:flutter/src/widgets/framework.dart:6007:5)
#305    Element.updateChild (package:flutter/src/widgets/framework.dart:4037:15)
#306    SingleChildRenderObjectElement.update (package:flutter/src/widgets/framework.dart:7122:14)
#307    Element.updateChild (package:flutter/src/widgets/framework.dart:4037:15)
#308    SingleChildRenderObjectElement.update (package:flutter/src/widgets/framework.dart:7122:14)
#309    Element.updateChild (package:flutter/src/widgets/framework.dart:4037:15)
#310    ComponentElement.performRebuild (package:flutter/src/widgets/framework.dart:5841:16)
#311    Element.rebuild (package:flutter/src/widgets/framework.dart:5529:7)
#312    ProxyElement.update (package:flutter/src/widgets/framework.dart:6149:5)
#313    Element.updateChild (package:flutter/src/widgets/framework.dart:4037:15)
#314    ComponentElement.performRebuild (package:flutter/src/widgets/framework.dart:5841:16)
#315    Element.rebuild (package:flutter/src/widgets/framework.dart:5529:7)
#316    ProxyElement.update (package:flutter/src/widgets/framework.dart:6149:5)
#317    Element.updateChild (package:flutter/src/widgets/framework.dart:4037:15)
#318    ComponentElement.performRebuild (package:flutter/src/widgets/framework.dart:5841:16)
#319    StatefulElement.performRebuild (package:flutter/src/widgets/framework.dart:5982:11)
#320    Element.rebuild (package:flutter/src/widgets/framework.dart:5529:7)
#321    BuildScope._tryRebuild (package:flutter/src/widgets/framework.dart:2750:15)
#322    BuildScope._flushDirtyElements (package:flutter/src/widgets/framework.dart:2807:11)
#323    BuildOwner.buildScope (package:flutter/src/widgets/framework.dart:3111:18)
#324    AutomatedTestWidgetsFlutterBinding.drawFrame (package:flutter_test/src/binding.dart:2131:19)
#325    RendererBinding._handlePersistentFrameCallback (package:flutter/src/rendering/binding.dart:495:5)
#326    SchedulerBinding._invokeFrameCallback (package:flutter/src/scheduler/binding.dart:1430:15)
#327    SchedulerBinding.handleDrawFrame (package:flutter/src/scheduler/binding.dart:1345:9)
#328    AutomatedTestWidgetsFlutterBinding.pump.<anonymous closure> (package:flutter_test/src/binding.dart:1960:9)
#331    TestAsyncUtils.guard (package:flutter_test/src/test_async_utils.dart:74:41)
#332    AutomatedTestWidgetsFlutterBinding.pump (package:flutter_test/src/binding.dart:1949:27)
#333    WidgetTester.pumpAndSettle.<anonymous closure> (package:flutter_test/src/widget_tester.dart:719:23)
#336    TestAsyncUtils.guard (package:flutter_test/src/test_async_utils.dart:74:41)
#337    WidgetTester.pumpAndSettle (package:flutter_test/src/widget_tester.dart:712:27)
#338    main.<anonymous closure> (file:///Users/ajay/productivity_tracker/test/features/reports/reports_list_screen_test.dart:25:18)
<asynchronous suspension>
#339    testWidgets.<anonymous closure>.<anonymous closure> (package:flutter_test/src/widget_tester.dart:192:15)
<asynchronous suspension>
#340    TestWidgetsFlutterBinding._runTestBody (package:flutter_test/src/binding.dart:1682:5)
<asynchronous suspension>
<asynchronous suspension>
(elided 7 frames from class _AssertionError, dart:async, and package:stack_trace)

════════════════════════════════════════════════════════════════════════════════════════════════════
══╡ EXCEPTION CAUGHT BY FLUTTER TEST FRAMEWORK ╞════════════════════════════════════════════════════
The following TestFailure was thrown running a test:
Expected: exactly one matching candidate
  Actual: _TypeWidgetFinder:<Found 0 widgets with type "ReportDetailScreen": []>
   Which: means none were found but one was expected

When the exception was thrown, this was the stack:
#4      main.<anonymous closure> (file:///Users/ajay/productivity_tracker/test/features/reports/reports_list_screen_test.dart:28:5)
<asynchronous suspension>
#5      testWidgets.<anonymous closure>.<anonymous closure> (package:flutter_test/src/widget_tester.dart:192:15)
<asynchronous suspension>
#6      TestWidgetsFlutterBinding._runTestBody (package:flutter_test/src/binding.dart:1682:5)
<asynchronous suspension>
<asynchronous suspension>
(elided one frame from package:stack_trace)

This was caught by the test expectation on the following line:
  file:///Users/ajay/productivity_tracker/test/features/reports/reports_list_screen_test.dart line 28
The test description was:
  ReportsListScreen displays correct report options
════════════════════════════════════════════════════════════════════════════════════════════════════
══╡ EXCEPTION CAUGHT BY FLUTTER TEST FRAMEWORK ╞════════════════════════════════════════════════════
The following message was thrown:
Multiple exceptions (2) were detected during the running of the current test, and at least one was
unexpected.
════════════════════════════════════════════════════════════════════════════════════════════════════
00:00 +5 -3: /Users/ajay/productivity_tracker/test/widget_test.dart: App smoke test
00:00 +5 -3: /Users/ajay/productivity_tracker/test/features/reports/reports_list_screen_test.dart: ReportsListScreen displays correct report options [E]
  Test failed. See exception logs above.
  The test description was: ReportsListScreen displays correct report options
  
00:00 +6 -3: Some tests failed.
